     67 A:U H/H_i cis-H/W
     62 G:A H_qe/H_qe cis-H/W
     47 A:U H_i/H_i cis-H/W
     40 A:U H_ie/H_ie cis-H/W
     23 G:G H/H cis-H/W
     14 C:G H/H_qe cis-H/W
     11 A:U H_ie/H_e cis-H/W
      6 G:G H_ie/H_e cis-H/W
      6 G:G H/H_i cis-H/W
      4 G:G H_qe/H_qe cis-H/W
      4 G:G H_qe/H_i cis-H/W
      4 G:A H_qe/H cis-H/W
      4 C:G H_qe/H_qe cis-H/W
      4 A:U H_qe/H_i cis-H/W
      3 G:U H/H cis-H/W
      3 G:C H/H cis-H/W
      2 U:U H_qe/H_qe cis-H/W
      2 U:G H_e/H_ie cis-H/W
      2 G:G H_e/H_e cis-H/W
      2 G:A H/H cis-H/W
      2 A:U H/H cis-H/W
      2 A:U H_e/H_ie cis-H/W
      2 A:G H/H cis-H/W
      2 A:A H_qe/H cis-H/W
      1 I:I H_qe/H_qe cis-H/W
      1 G:U H_i/H_qe cis-H/W
      1 G:G H_i/H_i cis-H/W
      1 G:C H_e/H_ie cis-H/W
      1 G:C H_e/H_e cis-H/W
      1 C:C H/H_i cis-H/W
      1 C:C H/H cis-H/W
      1 A:U H_qe/H_qe cis-H/W
      1 A:U H_qe/H cis-H/W
      1 A:U H_i/H_qe cis-H/W
      1 A:U H_i/H cis-H/W
      1 A:C H/H_qe cis-H/W
      1 A:C H_e/H_e cis-H/W
      1 A:A H_i/H_qe cis-H/W
      1 A:5BU H/H cis-H/W
