     91 A:A H_ie/H_e cis-S/W
     51 U:G H/H cis-S/W
     41 A:U H_e/H_ie cis-S/W
     32 G:A H_e/H_ie cis-S/W
     11 U:A H_e/H_e cis-S/W
      8 U:G H_e/H_e cis-S/W
      8 C:A H_e/H_e cis-S/W
      8 A:A H_qe/H_qe cis-S/W
      8 A:A H_qe/H_i cis-S/W
      7 U:G H_i/H cis-S/W
      7 A:G H_qe/H cis-S/W
      6 U:C H_qe/H cis-S/W
      6 C:G H_qe/H cis-S/W
      6 C:G H/H cis-S/W
      5 G:A H_ie/H_ie cis-S/W
      5 C:A H/H_qe cis-S/W
      4 U:G H_qe/H_qe cis-S/W
      4 G:U H_ie/H_e cis-S/W
      4 G:G H_qe/H cis-S/W
      4 A:A H_i/H cis-S/W
      4 A:A H_e/H_ie cis-S/W
      3 U:U H_e/H_e cis-S/W
      3 U:C H_ie/H_e cis-S/W
      3 C:C H_qe/H_i cis-S/W
      3 A:C H_i/H_qe cis-S/W
      2 U:U H_e/H_ie cis-S/W
      2 U:A H_ie/H_e cis-S/W
      2 U:A H/H cis-S/W
      2 G:G H_ie/H_e cis-S/W
      2 G:G H_e/H_ie cis-S/W
      2 G:C H_ie/H_e cis-S/W
      2 G:A H_qe/H cis-S/W
      2 C:A H/H_i cis-S/W
      2 C:A H_e/H_ie cis-S/W
      2 A:C H_i/H cis-S/W
      2 A:C H_ie/H_e cis-S/W
      2 A:A H/H_qe cis-S/W
      1 U:U H_qe/H_qe cis-S/W
      1 U:U H_i/H_qe cis-S/W
      1 U:U H_ie/H_ie cis-S/W
      1 U:A H_qe/H cis-S/W
      1 G:U H_qe/H_qe cis-S/W
      1 G:G H/H_qe cis-S/W
      1 G:G H/H cis-S/W
      1 G:G H_e/H_e cis-S/W
      1 C:G H_qe/H_qe cis-S/W
      1 C:G H_ie/H_e cis-S/W
      1 C:G H/H_i cis-S/W
      1 C:G H_e/H_e cis-S/W
      1 C:A H/H cis-S/W
      1 A:U H_ie/H_e cis-S/W
      1 A:A H_ie/H_ie cis-S/W
