   3636 G:U H/H cis-W/W
   3484 U:G H/H cis-W/W
   1511 C:G H/H cis-W/W
   1443 G:C H/H cis-W/W
    697 G:U H/H_qe cis-W/W
    680 U:G H_qe/H cis-W/W
    647 U:U H/H cis-W/W
    605 G:U H_qe/H cis-W/W
    509 U:G H/H_qe cis-W/W
    492 U:G H_e/H_e cis-W/W
    386 A:U H/H cis-W/W
    370 U:A H/H cis-W/W
    342 C:C H/H cis-W/W
    312 A:G H/H_qe cis-W/W
    280 C:G H/H_qe cis-W/W
    269 U:G H_qe/H_qe cis-W/W
    253 C:G H_e/H_e cis-W/W
    251 G:C H_qe/H cis-W/W
    220 G:C H/H_qe cis-W/W
    209 G:C H_e/H_e cis-W/W
    208 G:U H_qe/H_qe cis-W/W
    204 A:G H/H cis-W/W
    185 A:C H/H cis-W/W
    175 U:U H/H_qe cis-W/W
    162 G:C H_qe/H_qe cis-W/W
    156 A:G H_qe/H cis-W/W
    155 C:G H_qe/H_qe cis-W/W
    149 C:G H_qe/H cis-W/W
    147 G:A H/H cis-W/W
    113 C:U H/H cis-W/W
    108 G:A H_qe/H_qe cis-W/W
    107 U:C H/H cis-W/W
    105 A:A H/H cis-W/W
    104 G:A H/H_qe cis-W/W
    102 A:U H/H_qe cis-W/W
    101 G:A H_qe/H cis-W/W
     98 A:G H_qe/H_qe cis-W/W
     98 A:C H/H_qe cis-W/W
     94 C:A H/H cis-W/W
     86 C:C H_qe/H_qe cis-W/W
     84 U:U H_e/H_e cis-W/W
     82 G:U H_e/H_e cis-W/W
     81 A:U H_qe/H cis-W/W
     74 U:A H_e/H_e cis-W/W
     73 U:U H_qe/H cis-W/W
     69 U:A H/H_qe cis-W/W
     66 C:A H_e/H_e cis-W/W
     63 G:G H_qe/H cis-W/W
     57 C:C H_e/H_e cis-W/W
     54 C:U H/H_i cis-W/W
     54 A:U H_i/H cis-W/W
     52 U:U H_qe/H_qe cis-W/W
     48 A:U H_qe/H_qe cis-W/W
     45 U:G H_qe/H_i cis-W/W
     43 C:C H/H_qe cis-W/W
     43 A:A H_qe/H_qe cis-W/W
     42 U:C H/H_qe cis-W/W
     41 U:U H_qe/H_i cis-W/W
     34 C:C H_i/H cis-W/W
     33 U:A H_qe/H_qe cis-W/W
     33 U:A H_qe/H cis-W/W
     33 C:A H_qe/H_qe cis-W/W
     29 A:A H/H_qe cis-W/W
     28 A:C H_qe/H_qe cis-W/W
     27 U:U H_i/H cis-W/W
     26 G:C H_ie/H_e cis-W/W
     26 A:U H_i/H_qe cis-W/W
     23 C:G H_ie/H_ie cis-W/W
     23 A:U H_e/H_e cis-W/W
     22 U:C H_qe/H_qe cis-W/W
     22 U:A H_i/H_i cis-W/W
     22 C:A H_qe/H cis-W/W
     22 C:A H/H_qe cis-W/W
     21 G:C H_i/H cis-W/W
     20 G:C H_ie/H_ie cis-W/W
     20 A:G H_i/H cis-W/W
     19 U:G H_e/H_ie cis-W/W
     18 PSU:A H/H cis-W/W
     17 U:A H_e/H_ie cis-W/W
     17 G:C H_i/H_i cis-W/W
     17 C:U H/H_qe cis-W/W
     13 C:G H_e/H_ie cis-W/W
     13 A:U H_i/H_i cis-W/W
     12 U:C H_qe/H cis-W/W
     12 C:U H_qe/H_qe cis-W/W
     12 C:G H_i/H_qe cis-W/W
     11 U:C H_e/H_e cis-W/W
     11 G:U H_e/H_ie cis-W/W
     11 A:G H_e/H_e cis-W/W
     10 G:G H_e/H_e cis-W/W
     10 C:G H_i/H_i cis-W/W
      8 G:C H_i/H_qe cis-W/W
      8 G:C H_e/H_ie cis-W/W
      8 C:G H_qe/H_i cis-W/W
      8 C:C H_ie/H_e cis-W/W
      8 C:A H_e/H_ie cis-W/W
      7 PSU:G H/H_qe cis-W/W
      7 G:U H_qe/H_i cis-W/W
      7 G:G H/H_qe cis-W/W
      7 A:C H_qe/H cis-W/W
      7 A:A H_e/H_e cis-W/W
      6 U:G H_i/H_qe cis-W/W
      6 G:U H_i/H_i cis-W/W
      6 C:G H_ie/H_e cis-W/W
      6 A:C H_e/H_e cis-W/W
      5 U:U H/H_i cis-W/W
      5 G:G H_qe/H_qe cis-W/W
      5 G:C H_qe/H_i cis-W/W
      5 C:U H_ie/H_e cis-W/W
      5 C:G H/H_i cis-W/W
      5 A:U H_qe/H_i cis-W/W
      4 U:U H_e/H_ie cis-W/W
      4 U:G H_i/H_i cis-W/W
      4 U:G H_ie/H_ie cis-W/W
      4 U:G H/H_i cis-W/W
      4 PSU:G H/H cis-W/W
      4 HPA:C H_i/H_qe cis-W/W
      4 G:5BU H/H cis-W/W
      4 A:G H/H_i cis-W/W
      3 U:U H_i/H_i cis-W/W
      3 U:I H/H cis-W/W
      3 U:C H_e/H_ie cis-W/W
      3 U:A H_qe/H_i cis-W/W
      3 U:A H/H_i cis-W/W
      3 I:U H/H cis-W/W
      3 G:U H_i/H_qe cis-W/W
      3 G:PSU H_qe/H cis-W/W
      3 G:C H/H_i cis-W/W
      3 G:A H_i/H_qe cis-W/W
      3 G:A H_e/H_ie cis-W/W
      3 G:A H_e/H_e cis-W/W
      3 C:G H_i/H cis-W/W
      3 C:C H_ie/H_ie cis-W/W
      3 A:U H/H_i cis-W/W
      3 A:PSU H_e/H_e cis-W/W
      3 A:G H_i/H_qe cis-W/W
      3 A:C H_qe/H_i cis-W/W
      3 A:A H_qe/H cis-W/W
      3 5BU:G H/H cis-W/W
      2 U:U H_ie/H_ie cis-W/W
      2 U:U H_ie/H_e cis-W/W
      2 U:G H_i/H cis-W/W
      2 U:C H_i/H cis-W/W
      2 U:A H_ie/H_e cis-W/W
      2 LHU:LG H/H cis-W/W
      2 LG:LHU H/H cis-W/W
      2 G:U H_ie/H_e cis-W/W
      2 G:IU H/H cis-W/W
      2 G:G H_i/H_qe cis-W/W
      2 G:G H_e/H_ie cis-W/W
      2 G:5MU H/H_qe cis-W/W
      2 G:5BU H_qe/H_qe cis-W/W
      2 A:U H_ie/H_ie cis-W/W
      2 A:U H_ie/H_e cis-W/W
      2 A:PSU H/H cis-W/W
      2 A:M2G H_qe/H cis-W/W
      2 A:G H_qe/H_i cis-W/W
      2 A:G H_ie/H_ie cis-W/W
      2 A:C H_i/H_qe cis-W/W
      2 A:C H_i/H_i cis-W/W
      2 A:A H/H_i cis-W/W
      2 A5M:A H/H cis-W/W
      2 5MC:G H/H cis-W/W
      2 5BU:G H_qe/H_qe cis-W/W
      2 5BU:5BU H/H cis-W/W
      1 XUG:C H/H cis-W/W
      1 U:G H_ie/H_e cis-W/W
      1 U:GDP H_e/H_e cis-W/W
      1 U:A H_i/H_qe cis-W/W
      1 OMC:A H_e/H_e cis-W/W
      1 MTU:A H_qe/H cis-W/W
      1 M2G:A H/H_qe cis-W/W
      1 G:G H_ie/H_ie cis-W/W
      1 G:G H/H_i cis-W/W
      1 G:G H/H cis-W/W
      1 G:CSL H/H cis-W/W
      1 G:A H_i/H cis-W/W
      1 G:5BU H_i/H_i cis-W/W
      1 G:5BU H_e/H_e cis-W/W
      1 DG:C H_e/H_e cis-W/W
      1 DC:G H_e/H_e cis-W/W
      1 DC:A H/H cis-W/W
      1 C:C H_qe/H_i cis-W/W
      1 C:C H_i/H_qe cis-W/W
      1 A:U H_e/H_ie cis-W/W
      1 A:M5M H/H cis-W/W
      1 A:M2G H_qe/H_qe cis-W/W
      1 A:G H_e/H_ie cis-W/W
      1 A:C H_e/H_ie cis-W/W
      1 A:A5M H/H cis-W/W
      1 A:4OC H/H cis-W/W
      1 5MC:G H_qe/H cis-W/W
      1 5BU:G H_i/H_i cis-W/W
      1 2MG:U H/H cis-W/W
