     67 U:A H/H_i cis-W/H
     57 U:A H_e/H_ie cis-W/H
     56 U:A H_i/H cis-W/H
     52 G:A H_qe/H_i cis-W/H
     43 G:G H_i/H cis-W/H
     43 A:G H/H_i cis-W/H
     38 G:G H/H_i cis-W/H
     38 A:C H_qe/H_i cis-W/H
     14 C:G H_e/H_ie cis-W/H
     12 U:A H_e/H_e cis-W/H
     12 G:G H/H_qe cis-W/H
     11 A:A H/H_qe cis-W/H
      9 U:U H/H_qe cis-W/H
      9 U:A H/H_qe cis-W/H
      9 A:A H_qe/H_qe cis-W/H
      8 G:G H/H cis-W/H
      7 U:A H_qe/H_i cis-W/H
      6 G:C H_qe/H cis-W/H
      5 A:G H/H_qe cis-W/H
      4 U:U H_qe/H_i cis-W/H
      4 U:G H_i/H_qe cis-W/H
      4 U:A H_i/H_qe cis-W/H
      4 U:A H/H cis-W/H
      4 G:G H_qe/H_qe cis-W/H
      4 G:A H_e/H_ie cis-W/H
      4 A:A H_qe/H cis-W/H
      3 U:A H_qe/H_qe cis-W/H
      3 U:A H_i/H_i cis-W/H
      3 U:A H_ie/H_ie cis-W/H
      2 U:A H_ie/H_e cis-W/H
      2 I:I H/H cis-W/H
      2 G:G H_qe/H_i cis-W/H
      2 G:G H_i/H_qe cis-W/H
      2 G:C H_e/H_e cis-W/H
      2 C:A H_qe/H_i cis-W/H
      2 A:G H_qe/H_qe cis-W/H
      2 A:G H/H cis-W/H
      1 U:U H_qe/H_qe cis-W/H
      1 U:U H_i/H_i cis-W/H
      1 U:U H_i/H cis-W/H
      1 U:U H_e/H_ie cis-W/H
      1 U:G H/H cis-W/H
      1 U:C H/H cis-W/H
      1 G:G H_qe/H cis-W/H
      1 G:G H_i/H_i cis-W/H
      1 G:G H_ie/H_ie cis-W/H
      1 C:G H_qe/H_qe cis-W/H
      1 C:G H_i/H_i cis-W/H
      1 C:G H_ie/H_ie cis-W/H
      1 C:A H_e/H_e cis-W/H
      1 A:U H_i/H_i cis-W/H
      1 A:PSU H/H cis-W/H
      1 5BU:A H_i/H_qe cis-W/H
      1 5BU:A H/H cis-W/H
