     68 A:A H_i/H_qe cis-W/S
     63 U:A H_i/H cis-W/S
     62 G:C H/H_qe cis-W/S
     34 G:U H/H_i cis-W/S
     22 A:A H/H_qe cis-W/S
     21 A:C H_qe/H cis-W/S
     20 G:U H/H_qe cis-W/S
     20 A:U H_qe/H cis-W/S
     20 A:C H/H_qe cis-W/S
     11 G:A H/H_qe cis-W/S
      8 G:U H/H cis-W/S
      8 G:G H_qe/H_qe cis-W/S
      8 A:C H_i/H_qe cis-W/S
      8 A:C H_i/H cis-W/S
      7 A:A H/H_i cis-W/S
      4 U:U H_qe/H_qe cis-W/S
      4 C:C H_qe/H_qe cis-W/S
      4 A:U H_i/H_i cis-W/S
      4 A:C H_ie/H_e cis-W/S
      3 U:U H/H cis-W/S
      3 G:C H_qe/H cis-W/S
      3 G:A H_e/H_e cis-W/S
      2 U:G H_qe/H_i cis-W/S
      2 G:U H_qe/H_qe cis-W/S
      2 G:G H/H cis-W/S
      2 G:C H_ie/H_e cis-W/S
      2 C:U H/H cis-W/S
      2 A:A H_ie/H_ie cis-W/S
      1 U:G H_i/H_qe cis-W/S
      1 U:G H_ie/H_e cis-W/S
      1 U:G H/H cis-W/S
      1 U:C H_qe/H_qe cis-W/S
      1 G:U H_i/H_qe cis-W/S
      1 G:C H_i/H cis-W/S
      1 G:C H/H cis-W/S
      1 G:C H_e/H_e cis-W/S
      1 G:A H_e/H_ie cis-W/S
      1 C:U H_qe/H_qe cis-W/S
      1 C:A H_i/H cis-W/S
      1 A:U H_qe/H_qe cis-W/S
      1 A:U H_i/H cis-W/S
      1 A:G H_e/H_e cis-W/S
