    306 G:A H_e/H_e NA
    219 G:A H_e/H_ie NA
    168 C:G H/H NA
    145 A:G H_e/H_e NA
    126 G:C H/H NA
    125 U:A H_e/H_ie NA
    124 G:A H/H NA
    120 G:U H/H NA
    106 A:G H_qe/H NA
     89 A:G H/H_qe NA
     88 A:A H_qe/H_i NA
     86 C:A H/H NA
     85 A:A H/H_qe NA
     84 U:A H/H NA
     84 A:U H/H NA
     83 A:A H_e/H_ie NA
     82 C:A H_e/H_e NA
     78 U:G H/H NA
     78 C:G H_qe/H_qe NA
     76 A:G H_qe/H_qe NA
     72 G:A H_qe/H NA
     71 A:A H_qe/H NA
     68 A:A H/H NA
     67 G:A H_qe/H_qe NA
     67 C:G H/H_i NA
     65 G:G H_e/H_ie NA
     65 G:C H_e/H_e NA
     59 C:G H_ie/H_ie NA
     59 A:U H_i/H_i NA
     58 U:G H_e/H_e NA
     56 G:G H_e/H_e NA
     56 G:C H_qe/H NA
     56 G:C H/H_qe NA
     56 C:G H/H_qe NA
     55 U:U H_e/H_e NA
     55 A:U H_qe/H NA
     52 G:U H/H_qe NA
     52 C:G H_e/H_e NA
     52 A:U H/H_qe NA
     52 A:A H_i/H_qe NA
     51 U:A H_qe/H_qe NA
     49 A:G H_i/H NA
     47 U:U H/H NA
     42 G:C H_qe/H_qe NA
     42 G:C H_ie/H_ie NA
     42 C:G H_qe/H NA
     42 A:U H_qe/H_i NA
     41 C:C H_e/H_e NA
     40 C:A H_i/H_qe NA
     39 C:A H_ie/H_e NA
     39 C:A H_e/H_ie NA
     38 U:C H_i/H NA
     38 A:G H_i/H_qe NA
     38 A:G H/H NA
     36 A:A H_ie/H_ie NA
     35 U:G H_qe/H NA
     35 C:A H/H_qe NA
     34 U:A H_e/H_e NA
     34 A:A H_i/H NA
     33 C:U H/H_i NA
     33 A:U H_i/H NA
     32 G:C H_qe/H_i NA
     32 G:A H_ie/H_ie NA
     32 A:G H_qe/H_i NA
     31 A:U H_ie/H_ie NA
     31 A:C H_qe/H_qe NA
     31 A:C H/H NA
     30 A:G H_ie/H_e NA
     30 A:G H/H_i NA
     30 A:A H_qe/H_qe NA
     30 A:A H_e/H_e NA
     29 U:G H_qe/H_i NA
     29 U:C H_e/H_e NA
     29 G:U H_qe/H_qe NA
     29 G:U H_i/H_qe NA
     28 G:G H_qe/H_i NA
     28 G:A H_qe/H_i NA
     28 C:G H_e/H_ie NA
     27 U:A H_ie/H_ie NA
     26 U:A H_qe/H NA
     25 U:A H_ie/H_e NA
     24 U:A H_i/H_qe NA
     24 G:U H_qe/H NA
     24 G:A H_i/H_qe NA
     24 G:A H_i/H_i NA
     23 G:C H_i/H_qe NA
     23 G:A H/H_qe NA
     23 A:A H_ie/H_e NA
     22 U:G H_ie/H_ie NA
     22 G:U H_e/H_e NA
     22 G:G H_ie/H_e NA
     22 A:C H_qe/H_i NA
     22 A:C H_e/H_ie NA
     21 U:G H_e/H_ie NA
     21 A:M2G H_qe/H NA
     21 A:G H_ie/H_ie NA
     20 U:U H_ie/H_ie NA
     20 U:A H/H_i NA
     20 C:U H/H NA
     20 A:U H_qe/H_qe NA
     20 A:U H_e/H_e NA
     19 U:U H_qe/H_qe NA
     19 U:A H/H_qe NA
     19 G:U H_ie/H_ie NA
     19 A:A H/H_i NA
     18 G:C H_i/H_i NA
     18 A:U H_e/H_ie NA
     17 U:G H_qe/H_qe NA
     17 U:G H_i/H_qe NA
     16 U:U H_e/H_ie NA
     16 U:G H_i/H NA
     16 U:C H_qe/H NA
     16 G:C H_ie/H_e NA
     16 A:G H_e/H_ie NA
     15 U:C H_e/H_ie NA
     15 G:G H/H_i NA
     15 C:G H_ie/H_e NA
     14 U:U H_ie/H_e NA
     14 U:A H_i/H_i NA
     14 C:A H_qe/H_qe NA
     13 U:U H_qe/H NA
     13 U:A H_i/H NA
     13 G:C H_i/H NA
     13 G:C H_e/H_ie NA
     12 G:A H_ie/H_e NA
     12 G:A H/H_i NA
     12 A:C H_ie/H_e NA
     11 U:U H_i/H_i NA
     11 U:G H/H_qe NA
     11 U:C H/H NA
     11 U:A H_qe/H_i NA
     11 G:U H_qe/H_i NA
     11 G:G H_qe/H_qe NA
     11 G:G H/H_qe NA
     11 C:C H/H NA
     11 C:A H_ie/H_ie NA
     10 C:C H/H_qe NA
     10 C:A H_i/H_i NA
     10 A:U H_i/H_qe NA
     10 A:C H_e/H_e NA
      9 U:U H/H_qe NA
      9 U:C H_qe/H_qe NA
      9 U:C H_ie/H_ie NA
      9 U:C H/H_qe NA
      9 G:U H_ie/H_e NA
      9 G:U H_e/H_ie NA
      9 G:G H/H NA
      9 C:G H_qe/H_i NA
      9 C:G H_i/H_i NA
      9 A:C H/H_qe NA
      8 C:G H_i/H NA
      8 C:C H_i/H NA
      8 C:A H_qe/H_i NA
      8 A:U H_ie/H_e NA
      8 A:A H_i/H_i NA
      7 U:C H_ie/H_e NA
      7 PSU:G H_e/H_ie NA
      7 G:G H_qe/H NA
      7 C:C H_e/H_ie NA
      7 A:G H_i/H_i NA
      6 U:U H_i/H NA
      6 G:G H_i/H_i NA
      6 C:C H_i/H_qe NA
      6 C:A H/H_i NA
      5 U:U H/H_i NA
      5 G:G H_i/H_qe NA
      5 C:U H/H_qe NA
      5 C:U H_e/H_ie NA
      5 A:U H/H_i NA
      5 A:C H_ie/H_ie NA
      4 U:G H_ie/H_e NA
      4 U:C H_i/H_i NA
      4 G:PPU H_e/H_ie NA
      4 C:U H_i/H_qe NA
      4 C:G H_i/H_qe NA
      4 C:C H_qe/H_i NA
      3 U:G H_i/H_i NA
      3 G:U H/H_i NA
      3 G:G H_ie/H_ie NA
      3 G:5AA H_e/H_ie NA
      3 C:U H_qe/H_qe NA
      3 C:U H_qe/H_i NA
      3 C:U H_i/H NA
      3 C:U H_i/H_i NA
      3 C:U H_e/H_e NA
      3 C:C H_ie/H_ie NA
      3 A:C H_i/H NA
      3 A:C H_i/H_i NA
      2 U:U H_i/H_qe NA
      2 H2U:U H_e/H_ie NA
      2 G:U H_i/H_i NA
      2 G:C H/H_i NA
      2 C:U H_ie/H_ie NA
      2 C:C H_qe/H_qe NA
      2 C:C H_ie/H_e NA
      1 U:U H_qe/H_i NA
      1 U:G H/H_i NA
      1 U:C H_i/H_qe NA
      1 SAM:57 NA non-WC
      1 HPA:74 NA non-WC
      1 G:U H_i/H NA
      1 G:A H_i/H NA
      1 C:U H_qe/H NA
      1 C:U H_ie/H_e NA
      1 C:C H_qe/H NA
      1 C:A H_qe/H NA
      1 A:C H_i/H_qe NA
      1 6AP:74 NA non-WC
      1 3AY:U H_i/H_qe NA
