    429 G:A H_e/H_e trans-W/H
    349 U:A H_qe/H trans-W/H
    260 U:A H_qe/H_qe trans-W/H
    222 U:A H/H_i trans-W/H
    199 U:A H_e/H_ie trans-W/H
     86 U:A H/H_qe trans-W/H
     76 U:A H/H trans-W/H
     71 U:A H_i/H_i trans-W/H
     70 U:A H_qe/H_i trans-W/H
     67 C:A H_e/H_e trans-W/H
     60 A:A H_i/H trans-W/H
     57 C:A H_qe/H_qe trans-W/H
     46 G:A H/H trans-W/H
     44 G:A H_qe/H trans-W/H
     41 G:G H/H_i trans-W/H
     40 A:A H/H_qe trans-W/H
     37 U:A H_i/H trans-W/H
     37 U:A H_e/H_e trans-W/H
     35 G:G H_e/H_ie trans-W/H
     27 C:A H_i/H_qe trans-W/H
     26 5MU:A H/H_i trans-W/H
     25 C:A H/H trans-W/H
     24 5MU:1MA H/H_i trans-W/H
     22 G:U H/H trans-W/H
     21 G:A H_qe/H_qe trans-W/H
     21 C:A H_qe/H trans-W/H
     20 A:A H/H trans-W/H
     18 A:A H/H_i trans-W/H
     12 G:A H_e/H_ie trans-W/H
     11 U:G H_e/H_ie trans-W/H
     11 G:G H_e/H_e trans-W/H
     10 G:A H_ie/H_ie trans-W/H
     10 A:A H_qe/H trans-W/H
     10 A:A H_qe/H_qe trans-W/H
      8 U:A H_i/H_qe trans-W/H
      7 U:A H_ie/H_ie trans-W/H
      7 G:G H/H trans-W/H
      6 A:A H_i/H_i trans-W/H
      5 C:A H_e/H_ie trans-W/H
      4 U:U H_e/H_ie trans-W/H
      4 C:A H/H_qe trans-W/H
      4 A:A H_ie/H_ie trans-W/H
      4 A:A H_e/H_ie trans-W/H
      4 5MU:MAD H/H_i trans-W/H
      3 U:U H/H_qe trans-W/H
      3 G:G H/H_qe trans-W/H
      3 A:A H_qe/H_i trans-W/H
      2 U:G H_qe/H_qe trans-W/H
      2 G:G H_i/H trans-W/H
      2 G:A H/H_qe trans-W/H
      2 C:A H_qe/H_i trans-W/H
      2 C:A H_i/H_i trans-W/H
      2 A:A H_i/H_qe trans-W/H
      2 A:A H_e/H_e trans-W/H
      2 5MU:G H/H_i trans-W/H
      2 5MU:A H_e/H_ie trans-W/H
      1 U:U H_qe/H_i trans-W/H
      1 U:MAD H/H_i trans-W/H
      1 U:C H_e/H_e trans-W/H
      1 U2N:A H_qe/H_qe trans-W/H
      1 PSU:A H_qe/H_i trans-W/H
      1 PSU:A H_e/H_ie trans-W/H
      1 G:U H_e/H_e trans-W/H
      1 G:G H_qe/H trans-W/H
      1 G:G H_qe/H_qe trans-W/H
      1 G:G H_qe/H_i trans-W/H
      1 G:G H_i/H_i trans-W/H
      1 G:A H_ie/H_e trans-W/H
      1 C:C H_qe/H_qe trans-W/H
      1 C:A H_i/H trans-W/H
      1 A:U H_qe/H_qe trans-W/H
      1 A:G H/H_qe trans-W/H
      1 A2M:A H_qe/H_qe trans-W/H
      1 A:1MA H/H_i trans-W/H
      1 2MU:1MA H/H_i trans-W/H
