   1321 G:A H/H trans-S/H
   1000 G:A H_e/H_e trans-S/H
    339 G:A H_qe/H_qe trans-S/H
    325 G:A H_qe/H trans-S/H
    170 G:A H/H_qe trans-S/H
    118 A:A H/H trans-S/H
    112 A:A H/H_qe trans-S/H
     82 U:A H_e/H_e trans-S/H
     68 C:A H/H trans-S/H
     60 G:A H_ie/H_ie trans-S/H
     57 G:A H_e/H_ie trans-S/H
     55 G:G H/H trans-S/H
     50 G:A H/H_i trans-S/H
     43 C:A H_e/H_ie trans-S/H
     37 A:A H_e/H_e trans-S/H
     35 G:U H/H trans-S/H
     27 G:A H_i/H trans-S/H
     21 U:C H_qe/H trans-S/H
     19 U:C H_e/H_e trans-S/H
     17 G:U H_qe/H_qe trans-S/H
     16 C:A H_e/H_e trans-S/H
     13 U:G H_e/H_e trans-S/H
     13 A:A H_qe/H_qe trans-S/H
      9 G:A H_qe/H_i trans-S/H
      9 G:A H_i/H_i trans-S/H
      9 C:C H/H trans-S/H
      9 A:C H/H trans-S/H
      8 U:A H/H_qe trans-S/H
      8 G:A H_ie/H_e trans-S/H
      8 C:A H_qe/H trans-S/H
      8 C:A H/H_qe trans-S/H
      7 A:C H_e/H_e trans-S/H
      6 G:G H_e/H_e trans-S/H
      6 A:C H/H_qe trans-S/H
      5 U:A H_e/H_ie trans-S/H
      5 C:A H_ie/H_ie trans-S/H
      4 U:G H_e/H_ie trans-S/H
      4 U:A H_ie/H_ie trans-S/H
      4 G:U H/H_qe trans-S/H
      4 G:U H_e/H_e trans-S/H
      4 G:G H_qe/H_qe trans-S/H
      4 G:G H_ie/H_ie trans-S/H
      4 A:A H_qe/H trans-S/H
      3 U:A H/H trans-S/H
      3 C:A H_qe/H_qe trans-S/H
      2 U:C H/H trans-S/H
      2 U:A H_qe/H trans-S/H
      2 U:A H_i/H_qe trans-S/H
      2 G:A H_i/H_qe trans-S/H
      2 AVC:A H_qe/H_qe trans-S/H
      1 U:U H_e/H_ie trans-S/H
      1 U:G H/H_i trans-S/H
      1 U:C H_qe/H_qe trans-S/H
      1 U:C H_ie/H_ie trans-S/H
      1 U:A H_qe/H_qe trans-S/H
      1 G:G H_qe/H trans-S/H
      1 G:G H/H_qe trans-S/H
      1 G:G H_e/H_ie trans-S/H
      1 G:C H_e/H_e trans-S/H
      1 DA:A H_qe/H_i trans-S/H
      1 C:G H_e/H_e trans-S/H
      1 C:A H_i/H_qe trans-S/H
      1 A:G H/H trans-S/H
      1 A:C H_qe/H_qe trans-S/H
      1 A:A H_qe/H_i trans-S/H
      1 A:A H_ie/H_ie trans-S/H
      1 A2M:A H_qe/H_qe trans-S/H
      1 A2M:A H_qe/H_i trans-S/H
      1 3DA:A H_qe/H_qe trans-S/H
