    234 U:G H_e/H_e trans-S/W
    114 U:G H_e/H_ie trans-S/W
     96 G:A H_e/H_ie trans-S/W
     43 A:C H_e/H_e trans-S/W
     40 PSU:G H_e/H_ie trans-S/W
     22 G:A H_ie/H_ie trans-S/W
     15 U:C H_qe/H trans-S/W
     11 G:A H/H_qe trans-S/W
     10 G:A H_i/H_i trans-S/W
      8 G:A H_qe/H_i trans-S/W
      8 A:C H/H_qe trans-S/W
      6 U:A H_ie/H_ie trans-S/W
      6 G:A H/H_i trans-S/W
      6 A:A H_ie/H_ie trans-S/W
      6 A:A H_e/H_ie trans-S/W
      5 U:A H_e/H_e trans-S/W
      5 G:U H/H_qe trans-S/W
      5 G:G H/H_qe trans-S/W
      4 U:C H_e/H_e trans-S/W
      3 U:G H_ie/H_ie trans-S/W
      3 PSU:G H_qe/H_i trans-S/W
      3 G:A H_qe/H_qe trans-S/W
      2 G:U H_e/H_ie trans-S/W
      2 G:C H_qe/H_qe trans-S/W
      2 C:C H_e/H_e trans-S/W
      2 C:A H/H trans-S/W
      2 C:A H_e/H_e trans-S/W
      1 U:U H_i/H_qe trans-S/W
      1 U:U H_e/H_e trans-S/W
      1 U:C H_qe/H_qe trans-S/W
      1 U:A H_e/H_ie trans-S/W
      1 PSU:OMG H_e/H_ie trans-S/W
      1 PSU:G H_ie/H_ie trans-S/W
      1 G:U H_i/H_qe trans-S/W
      1 G:G H_e/H_ie trans-S/W
      1 G:A H_e/H_e trans-S/W
      1 C:U H_i/H trans-S/W
      1 C:G H_i/H_qe trans-S/W
      1 C:A H_qe/H_qe trans-S/W
      1 C:A H/H_qe trans-S/W
      1 A:A H_qe/H_i trans-S/W
